-------------------- Log Start | Sat Jan  3 17:03:40 2026 --------------------
platform: Linux-5.16.17-sun50iw9-aarch64-with-glibc2.31
data_path: /home/biqu/printer_data
is_default_data_path: False
config_file: /home/biqu/printer_data/config/moonraker.conf
backup_config: /home/biqu/printer_data/config/.moonraker.conf.bkp
startup_warnings: []
verbose: False
debug: False
asyncio_debug: False
is_backup_config: False
is_python_package: False
instance_uuid: 40b53a2ae1f24dea9d8b1aef81335029
unix_socket_path: /home/biqu/printer_data/comms/moonraker.sock
structured_logging: False
software_version: v0.9.3-85-g6ff9a7c
git_branch: master
git_remote: origin
git_repo_url: https://github.com/Arksine/moonraker
modified_files: []
unofficial_components: []
log_file: /home/biqu/printer_data/logs/moonraker.log
python_version: 3.9.2 (default, Mar 20 2025, 02:07:39)  [GCC 10.2.1 20210110]
launch_args: /home/biqu/moonraker-env/bin/python /home/biqu/moonraker/moonraker/moonraker.py -d /home/biqu/printer_data
msgspec_enabled: True
uvloop_enabled: True

#################### Moonraker Configuration ####################

[server]
host = 0.0.0.0
port = 7125
klippy_uds_address = /home/biqu/printer_data/comms/klippy.sock

[authorization]
trusted_clients = 
	192.168.0.0/16
	10.0.0.0/8
	127.0.0.0/8
	169.254.0.0/16
	172.16.0.0/12
	192.168.0.0/16
	FC00::/7
	FE80::/10
	::1/128
cors_domains = 
	*.lan
	*.local
	*://localhost
	*://localhost:*
	*://my.mainsail.xyz
	*://app.fluidd.xyz

[octoprint_compat]

[history]

[update_manager]
channel = dev
refresh_interval = 168

[update_manager timelapse]
type = git_repo
primary_branch = main
path = ~/moonraker-timelapse
origin = https://github.com/mainsail-crew/moonraker-timelapse.git
managed_services = klipper moonraker

[timelapse]
output_path = ~/timelapse/
frame_path = /tmp/timelapse/
ffmpeg_binary_path = /usr/bin/ffmpeg

[update_manager Klippain-ShakeTune]
type = git_repo
origin = https://github.com/Frix-x/klippain-shaketune.git
path = ~/klippain_shaketune
virtualenv = /home/biqu/klippy-env
requirements = requirements.txt
system_dependencies = system-dependencies.json
primary_branch = main
managed_services = klipper

[update_manager happy-hare]
type = git_repo
path = ~/Happy-Hare
origin = https://github.com/moggieuk/Happy-Hare.git
primary_branch = main
managed_services = klipper

[mmu_server]
enable_file_preprocessor = True
enable_toolchange_next_pos = True
update_spoolman_location = True

[update_manager mainsail]
type = web
repo = ammmze/mainsail
channel = beta
path = ~/mainsail
refresh_interval = 12

[update_manager KlipperScreen]
type = git_repo
path = ~/KlipperScreen
origin = https://github.com/moggieuk/KlipperScreen-Happy-Hare-Edition.git
env = ~/.KlipperScreen-env/bin/python
requirements = scripts/KlipperScreen-requirements.txt
install_script = scripts/KlipperScreen-install.sh
managed_services = KlipperScreen

#################################################################
All Configuration Files:
/home/biqu/printer_data/config/moonraker.conf
#################################################################
Loading Sqlite database provider. Sqlite Version: 3.34.1
Unsafe Shutdown Count: 82

System Info:

***python***
  version: (3, 9, 2, 'final', 0)
  version_string: 3.9.2 (default, Mar 20 2025, 02:07:39)  [GCC 10.2.1 20210110]

***cpu_info***
  cpu_count: 4
  bits: 64bit
  processor: aarch64
  cpu_desc: 
  serial_number: 
  hardware_desc: 
  model: 
  total_memory: 1010632
  memory_units: kB

***sd_info***

***distribution***
  name: Debian GNU/Linux 11 (bullseye)
  id: debian
  version: 11
  version_parts: {'major': '11', 'minor': '', 'build_number': ''}
  like: 
  codename: bullseye
  release_info: {}
  kernel_version: 5.16.17-sun50iw9

***virtualization***
  virt_type: none
  virt_identifier: none

***network***

***canbus***

***Allowed Services***
  klipper_mcu
  webcamd
  MoonCord
  KlipperScreen
  moonraker-telegram-bot
  moonraker-obico
  sonar
  crowsnest
  octoeverywhere
  ratos-configurator
Module libcamera unavailable, import failed

Systemd unit moonraker.service:
unit_name: moonraker.service
is_default: True
manager: systemd
Properties:
**Requires=['network-online.target', 'system.slice', '-.mount', 'sysinit.target']
**After=['systemd-journald.socket', 'sysinit.target', 'basic.target', 'system.slice', 'network-online.target', '-.mount']
**SupplementaryGroups=['moonraker-admin']
**EnvironmentFiles=/home/biqu/printer_data/systemd/moonraker.env
**ExecStart=/home/biqu/moonraker-env/bin/python $MOONRAKER_ARGS
**WorkingDirectory=/home/biqu/moonraker
**FragmentPath=/etc/systemd/system/moonraker.service
**Description=API Server for Klipper SV1
**User=biqu

Systemd unit klipper.service:
unit_name: klipper.service
is_default: True
manager: systemd
Properties:
**Requires=['system.slice', '-.mount', 'sysinit.target']
**After=['system.slice', 'network-online.target', '-.mount', 'sysinit.target', 'basic.target', 'systemd-journald.socket']
**SupplementaryGroups=[]
**EnvironmentFiles=/home/biqu/printer_data/systemd/klipper.env
**ExecStart=/home/biqu/klippy-env/bin/python $KLIPPER_ARGS
**WorkingDirectory=/home/biqu/klipper
**FragmentPath=/etc/systemd/system/klipper.service
**Description=Klipper 3D Printer Firmware SV1
**User=biqu
Git Repo moonraker: Warnings detected:
  Repo has untracked source files: ['moonraker/components/mmu_server.py', 'moonraker/components/timelapse.py']
Git Repo klipper: Warnings detected:
  Repo is dirty.  Detected the following modifed files: ['klippy/extras/bed_mesh.py', 'src/Makefile']
  Repo has untracked source files: ['klippy/extras/ldc1612_ng.py', 'klippy/extras/mmu_encoder.py', 'klippy/extras/mmu_espooler.py', 'klippy/extras/mmu_led_effect.py', 'klippy/extras/mmu_leds.py', 'klippy/extras/mmu_machine.py', 'klippy/extras/mmu_sensors.py', 'klippy/extras/mmu_servo.py', 'klippy/extras/probe_eddy_ng.py', 'src/sensor_ldc1612_ng.c']
Git Repo timelapse: No warnings detected
Git Repo Klippain-ShakeTune: No warnings detected
Git Repo happy-hare: No warnings detected
Git Repo KlipperScreen: No warnings detected
Klipper Version: v0.13.0-154-g9346ad19-dirty
2026-01-03 09:03:40,710 [authorization.py:_prune_conn_handler()] - Trusted Connection Expired, IP: 127.0.0.1
2026-01-03 09:03:40,711 [authorization.py:_prune_conn_handler()] - Trusted Connection Expired, IP: 10.0.0.191
2026-01-03 09:05:53,409 [authorization.py:_check_trusted_connection()] - Trusted Connection Detected, IP: 10.0.0.191
2026-01-03 09:05:53,412 [application.py:log_request()] - 101 GET /websocket (10.0.0.191) [_TRUSTED_USER_] 5.39ms
2026-01-03 09:05:53,413 [websockets.py:open()] - Websocket Opened: ID: 281472921162128, Proxied: True, User Agent: Mozilla/5.0 (Windows NT 10.0; Win64; x64) AppleWebKit/537.36 (KHTML, like Gecko) Chrome/141.0.0.0 Safari/537.36 OPR/125.0.0.0, Host Name: 10.0.0.7
2026-01-03 09:05:53,418 [websockets.py:_handle_identify()] - Websocket 281472921162128 Client Identified - Name: mainsail, Version: 2.13.2, Type: web
2026-01-03 10:14:30,784 [websockets.py:on_close()] - Websocket Closed: ID: 281472921162128 Close Code: 1001, Close Reason: None, Pong Time Elapsed: 26.85
2026-01-03 10:33:31,431 [application.py:log_request()] - 101 GET /websocket (10.0.0.191) [_TRUSTED_USER_] 4.20ms
2026-01-03 10:33:31,432 [websockets.py:open()] - Websocket Opened: ID: 281472921130176, Proxied: True, User Agent: Mozilla/5.0 (Windows NT 10.0; Win64; x64) AppleWebKit/537.36 (KHTML, like Gecko) Chrome/141.0.0.0 Safari/537.36 OPR/125.0.0.0, Host Name: 10.0.0.7
2026-01-03 10:33:31,470 [websockets.py:_handle_identify()] - Websocket 281472921130176 Client Identified - Name: mainsail, Version: 2.13.2, Type: web
2026-01-03 10:33:33,942 [common.py:build_error()] - JSON-RPC Request Error - Requested Method: server.spoolman.proxy, Code: -32601, Message: Method not found
2026-01-03 10:33:33,943 [common.py:build_error()] - JSON-RPC Request Error - Requested Method: server.spoolman.proxy, Code: -32601, Message: Method not found
2026-01-03 10:33:47,682 [klippy_connection.py:_on_connection_closed()] - Klippy Connection Removed
2026-01-03 10:33:49,200 [klippy_connection.py:_do_connect()] - Klippy Connection Established
2026-01-03 10:33:51,966 [authorization.py:_check_trusted_connection()] - Trusted Connection Detected, IP: 127.0.0.1
2026-01-03 10:34:01,964 [file_manager.py:get_file_list()] - Updating File List <gcodes>...
2026-01-03 10:34:02,182 [klippy_connection.py:_request_initial_subscriptions()] - Webhooks Subscribed
2026-01-03 10:34:02,187 [klippy_connection.py:_request_initial_subscriptions()] - GCode Output Subscribed
2026-01-03 10:34:02,971 [job_state.py:_handle_started()] - Job state initialized: standby
2026-01-03 10:34:03,219 [klippy_connection.py:_check_ready()] - Klippy ready
2026-01-03 10:34:03,971 [data_store.py:_init_sensors()] - Configuring available sensors: ['temperature_sensor btt_eddy_mcu', 'temperature_sensor btt_eddy', 'heater_bed', 'temperature_fan MCU_fan', 'temperature_sensor mcu_temp', 'temperature_sensor Toolhead_Temp', 'extruder']
